0 verbose cli C:\Program Files\nodejs\node.exe C:\Program Files\nodejs\node_global\node_modules\npm\bin\npm-cli.js
1 info using npm@11.4.2
2 info using node@v20.18.0
3 silly config load:file:C:\Program Files\nodejs\node_global\node_modules\npm\npmrc
4 silly config load:file:D:\VSCodeProgramme\qianmian-china-travel-dashboard\.npmrc
5 silly config load:file:C:\Users\ibm_1\.npmrc
6 silly config load:file:C:\Program Files\nodejs\node_global\etc\npmrc
7 verbose title npm i undici@6
8 verbose argv "i" "undici@6" "--cache" ".npm-cache"
9 verbose logfile logs-max:10 dir:D:\VSCodeProgramme\qianmian-china-travel-dashboard\.npm-cache\_logs\2025-10-24T10_54_38_565Z-
10 verbose logfile D:\VSCodeProgramme\qianmian-china-travel-dashboard\.npm-cache\_logs\2025-10-24T10_54_38_565Z-debug-0.log
11 silly logfile done cleaning log files
12 silly packumentCache heap:2197815296 maxSize:549453824 maxEntrySize:274726912
13 silly idealTree buildDeps
14 silly fetch manifest undici@6
15 silly packumentCache full:https://registry.npmmirror.com/undici cache-miss
16 http fetch GET 200 https://registry.npmmirror.com/undici 466ms (cache miss)
17 silly packumentCache full:https://registry.npmmirror.com/undici set size:167178 disposed:false
18 silly placeDep ROOT undici@6.22.0 OK for: qianmian-china-travel-dashboard@0.1.0 want: 6
19 silly reify moves {}
20 silly audit bulk request {
20 silly audit   '@alloc/quick-lru': [ '5.2.0' ],
20 silly audit   '@emnapi/core': [ '1.5.0' ],
20 silly audit   '@emnapi/runtime': [ '1.5.0' ],
20 silly audit   '@emnapi/wasi-threads': [ '1.1.0' ],
20 silly audit   '@eslint-community/eslint-utils': [ '4.9.0' ],
20 silly audit   'eslint-visitor-keys': [ '3.4.3', '4.2.1' ],
20 silly audit   '@eslint-community/regexpp': [ '4.12.1' ],
20 silly audit   '@eslint/config-array': [ '0.21.0' ],
20 silly audit   '@eslint/config-helpers': [ '0.3.1' ],
20 silly audit   '@eslint/core': [ '0.15.2' ],
20 silly audit   '@eslint/eslintrc': [ '3.3.1' ],
20 silly audit   '@eslint/js': [ '9.35.0' ],
20 silly audit   '@eslint/object-schema': [ '2.1.6' ],
20 silly audit   '@eslint/plugin-kit': [ '0.3.5' ],
20 silly audit   '@humanfs/core': [ '0.19.1' ],
20 silly audit   '@humanfs/node': [ '0.16.7' ],
20 silly audit   '@humanwhocodes/module-importer': [ '1.0.1' ],
20 silly audit   '@humanwhocodes/retry': [ '0.4.3' ],
20 silly audit   '@img/sharp-darwin-arm64': [ '0.34.3' ],
20 silly audit   '@img/sharp-darwin-x64': [ '0.34.3' ],
20 silly audit   '@img/sharp-libvips-darwin-arm64': [ '1.2.0' ],
20 silly audit   '@img/sharp-libvips-darwin-x64': [ '1.2.0' ],
20 silly audit   '@img/sharp-libvips-linux-arm': [ '1.2.0' ],
20 silly audit   '@img/sharp-libvips-linux-arm64': [ '1.2.0' ],
20 silly audit   '@img/sharp-libvips-linux-ppc64': [ '1.2.0' ],
20 silly audit   '@img/sharp-libvips-linux-s390x': [ '1.2.0' ],
20 silly audit   '@img/sharp-libvips-linux-x64': [ '1.2.0' ],
20 silly audit   '@img/sharp-libvips-linuxmusl-arm64': [ '1.2.0' ],
20 silly audit   '@img/sharp-libvips-linuxmusl-x64': [ '1.2.0' ],
20 silly audit   '@img/sharp-linux-arm': [ '0.34.3' ],
20 silly audit   '@img/sharp-linux-arm64': [ '0.34.3' ],
20 silly audit   '@img/sharp-linux-ppc64': [ '0.34.3' ],
20 silly audit   '@img/sharp-linux-s390x': [ '0.34.3' ],
20 silly audit   '@img/sharp-linux-x64': [ '0.34.3' ],
20 silly audit   '@img/sharp-linuxmusl-arm64': [ '0.34.3' ],
20 silly audit   '@img/sharp-linuxmusl-x64': [ '0.34.3' ],
20 silly audit   '@img/sharp-wasm32': [ '0.34.3' ],
20 silly audit   '@img/sharp-win32-arm64': [ '0.34.3' ],
20 silly audit   '@img/sharp-win32-ia32': [ '0.34.3' ],
20 silly audit   '@img/sharp-win32-x64': [ '0.34.3' ],
20 silly audit   '@isaacs/cliui': [ '8.0.2' ],
20 silly audit   '@jridgewell/gen-mapping': [ '0.3.13' ],
20 silly audit   '@jridgewell/resolve-uri': [ '3.1.2' ],
20 silly audit   '@jridgewell/sourcemap-codec': [ '1.5.5' ],
20 silly audit   '@jridgewell/trace-mapping': [ '0.3.30' ],
20 silly audit   '@napi-rs/wasm-runtime': [ '0.2.12' ],
20 silly audit   '@next/env': [ '15.5.2' ],
20 silly audit   '@next/eslint-plugin-next': [ '15.5.2' ],
20 silly audit   '@next/swc-darwin-arm64': [ '15.5.2' ],
20 silly audit   '@next/swc-darwin-x64': [ '15.5.2' ],
20 silly audit   '@next/swc-linux-arm64-gnu': [ '15.5.2' ],
20 silly audit   '@next/swc-linux-arm64-musl': [ '15.5.2' ],
20 silly audit   '@next/swc-linux-x64-gnu': [ '15.5.2' ],
20 silly audit   '@next/swc-linux-x64-musl': [ '15.5.2' ],
20 silly audit   '@next/swc-win32-arm64-msvc': [ '15.5.2' ],
20 silly audit   '@next/swc-win32-x64-msvc': [ '15.5.2' ],
20 silly audit   '@nodelib/fs.scandir': [ '2.1.5' ],
20 silly audit   '@nodelib/fs.stat': [ '2.0.5' ],
20 silly audit   '@nodelib/fs.walk': [ '1.2.8' ],
20 silly audit   '@nolyfill/is-core-module': [ '1.0.39' ],
20 silly audit   '@pkgjs/parseargs': [ '0.11.0' ],
20 silly audit   '@radix-ui/primitive': [ '1.1.3' ],
20 silly audit   '@radix-ui/react-collection': [ '1.1.7' ],
20 silly audit   '@radix-ui/react-compose-refs': [ '1.1.2' ],
20 silly audit   '@radix-ui/react-context': [ '1.1.2' ],
20 silly audit   '@radix-ui/react-dialog': [ '1.1.15' ],
20 silly audit   '@radix-ui/react-direction': [ '1.1.1' ],
20 silly audit   '@radix-ui/react-dismissable-layer': [ '1.1.11' ],
20 silly audit   '@radix-ui/react-focus-guards': [ '1.1.3' ],
20 silly audit   '@radix-ui/react-focus-scope': [ '1.1.7' ],
20 silly audit   '@radix-ui/react-id': [ '1.1.1' ],
20 silly audit   '@radix-ui/react-navigation-menu': [ '1.2.14' ],
20 silly audit   '@radix-ui/react-portal': [ '1.1.9' ],
20 silly audit   '@radix-ui/react-presence': [ '1.1.5' ],
20 silly audit   '@radix-ui/react-primitive': [ '2.1.3' ],
20 silly audit   '@radix-ui/react-slot': [ '1.2.3' ],
20 silly audit   '@radix-ui/react-use-callback-ref': [ '1.1.1' ],
20 silly audit   '@radix-ui/react-use-controllable-state': [ '1.2.2' ],
20 silly audit   '@radix-ui/react-use-effect-event': [ '0.0.2' ],
20 silly audit   '@radix-ui/react-use-escape-keydown': [ '1.1.1' ],
20 silly audit   '@radix-ui/react-use-layout-effect': [ '1.1.1' ],
20 silly audit   '@radix-ui/react-use-previous': [ '1.1.1' ],
20 silly audit   '@radix-ui/react-visually-hidden': [ '1.2.3' ],
20 silly audit   '@reduxjs/toolkit': [ '2.9.0' ],
20 silly audit   '@rtsao/scc': [ '1.1.0' ],
20 silly audit   '@rushstack/eslint-patch': [ '1.12.0' ],
20 silly audit   '@standard-schema/spec': [ '1.0.0' ],
20 silly audit   '@standard-schema/utils': [ '0.3.0' ],
20 silly audit   '@swc/helpers': [ '0.5.15' ],
20 silly audit   '@tanstack/query-core': [ '5.87.1' ],
20 silly audit   '@tanstack/query-devtools': [ '5.87.3' ],
20 silly audit   '@tanstack/react-query': [ '5.87.1' ],
20 silly audit   '@tanstack/react-query-devtools': [ '5.87.3' ],
20 silly audit   '@tybys/wasm-util': [ '0.10.0' ],
20 silly audit   '@types/d3-array': [ '3.2.1' ],
20 silly audit   '@types/d3-color': [ '3.1.3' ],
20 silly audit   '@types/d3-ease': [ '3.0.2' ],
20 silly audit   '@types/d3-interpolate': [ '3.0.4' ],
20 silly audit   '@types/d3-path': [ '3.1.1' ],
20 silly audit   '@types/d3-scale': [ '4.0.9' ],
20 silly audit   '@types/d3-shape': [ '3.1.7' ],
20 silly audit   '@types/d3-time': [ '3.0.4' ],
20 silly audit   '@types/d3-timer': [ '3.0.2' ],
20 silly audit   '@types/debug': [ '4.1.12' ],
20 silly audit   '@types/estree': [ '1.0.8' ],
20 silly audit   '@types/estree-jsx': [ '1.0.5' ],
20 silly audit   '@types/hast': [ '3.0.4' ],
20 silly audit   '@types/json-schema': [ '7.0.15' ],
20 silly audit   '@types/json5': [ '0.0.29' ],
20 silly audit   '@types/mdast': [ '4.0.4' ],
20 silly audit   '@types/ms': [ '2.1.0' ],
20 silly audit   '@types/node': [ '20.19.13' ],
20 silly audit   '@types/pg': [ '8.15.5' ],
20 silly audit   '@types/react': [ '19.1.12' ],
20 silly audit   '@types/react-dom': [ '19.1.9' ],
20 silly audit   '@types/unist': [ '3.0.3', '2.0.11' ],
20 silly audit   '@types/use-sync-external-store': [ '0.0.6' ],
20 silly audit   '@typescript-eslint/eslint-plugin': [ '8.43.0' ],
20 silly audit   ignore: [ '7.0.5', '5.3.2' ],
20 silly audit   '@typescript-eslint/parser': [ '8.43.0' ],
20 silly audit   '@typescript-eslint/project-service': [ '8.43.0' ],
20 silly audit   '@typescript-eslint/scope-manager': [ '8.43.0' ],
20 silly audit   '@typescript-eslint/tsconfig-utils': [ '8.43.0' ],
20 silly audit   '@typescript-eslint/type-utils': [ '8.43.0' ],
20 silly audit   '@typescript-eslint/types': [ '8.43.0' ],
20 silly audit   '@typescript-eslint/typescript-estree': [ '8.43.0' ],
20 silly audit   'brace-expansion': [ '2.0.2', '1.1.12' ],
20 silly audit   'fast-glob': [ '3.3.3', '3.3.1' ],
20 silly audit   'glob-parent': [ '5.1.2', '6.0.2' ],
20 silly audit   minimatch: [ '9.0.5', '3.1.2' ],
20 silly audit   '@typescript-eslint/utils': [ '8.43.0' ],
20 silly audit   '@typescript-eslint/visitor-keys': [ '8.43.0' ],
20 silly audit   '@ungap/structured-clone': [ '1.3.0' ],
20 silly audit   '@unrs/resolver-binding-android-arm-eabi': [ '1.11.1' ],
20 silly audit   '@unrs/resolver-binding-android-arm64': [ '1.11.1' ],
20 silly audit   '@unrs/resolver-binding-darwin-arm64': [ '1.11.1' ],
20 silly audit   '@unrs/resolver-binding-darwin-x64': [ '1.11.1' ],
20 silly audit   '@unrs/resolver-binding-freebsd-x64': [ '1.11.1' ],
20 silly audit   '@unrs/resolver-binding-linux-arm-gnueabihf': [ '1.11.1' ],
20 silly audit   '@unrs/resolver-binding-linux-arm-musleabihf': [ '1.11.1' ],
20 silly audit   '@unrs/resolver-binding-linux-arm64-gnu': [ '1.11.1' ],
20 silly audit   '@unrs/resolver-binding-linux-arm64-musl': [ '1.11.1' ],
20 silly audit   '@unrs/resolver-binding-linux-ppc64-gnu': [ '1.11.1' ],
20 silly audit   '@unrs/resolver-binding-linux-riscv64-gnu': [ '1.11.1' ],
20 silly audit   '@unrs/resolver-binding-linux-riscv64-musl': [ '1.11.1' ],
20 silly audit   '@unrs/resolver-binding-linux-s390x-gnu': [ '1.11.1' ],
20 silly audit   '@unrs/resolver-binding-linux-x64-gnu': [ '1.11.1' ],
20 silly audit   '@unrs/resolver-binding-linux-x64-musl': [ '1.11.1' ],
20 silly audit   '@unrs/resolver-binding-wasm32-wasi': [ '1.11.1' ],
20 silly audit   '@unrs/resolver-binding-win32-arm64-msvc': [ '1.11.1' ],
20 silly audit   '@unrs/resolver-binding-win32-ia32-msvc': [ '1.11.1' ],
20 silly audit   '@unrs/resolver-binding-win32-x64-msvc': [ '1.11.1' ],
20 silly audit   acorn: [ '8.15.0' ],
20 silly audit   'acorn-jsx': [ '5.3.2' ],
20 silly audit   ajv: [ '6.12.6' ],
20 silly audit   'ansi-regex': [ '6.2.2', '5.0.1' ],
20 silly audit   'ansi-styles': [ '4.3.0', '6.2.3' ],
20 silly audit   'any-promise': [ '1.3.0' ],
20 silly audit   anymatch: [ '3.1.3' ],
20 silly audit   arg: [ '5.0.2' ],
20 silly audit   argparse: [ '2.0.1' ],
20 silly audit   'aria-hidden': [ '1.2.6' ],
20 silly audit   'aria-query': [ '5.3.2' ],
20 silly audit   'array-buffer-byte-length': [ '1.0.2' ],
20 silly audit   'array-includes': [ '3.1.9' ],
20 silly audit   'array.prototype.findlast': [ '1.2.5' ],
20 silly audit   'array.prototype.findlastindex': [ '1.2.6' ],
20 silly audit   'array.prototype.flat': [ '1.3.3' ],
20 silly audit   'array.prototype.flatmap': [ '1.3.3' ],
20 silly audit   'array.prototype.tosorted': [ '1.1.4' ],
20 silly audit   'arraybuffer.prototype.slice': [ '1.0.4' ],
20 silly audit   'ast-types-flow': [ '0.0.8' ],
20 silly audit   'async-function': [ '1.0.0' ],
20 silly audit   autoprefixer: [ '10.4.0' ],
20 silly audit   'available-typed-arrays': [ '1.0.7' ],
20 silly audit   'axe-core': [ '4.10.3' ],
20 silly audit   'axobject-query': [ '4.1.0' ],
20 silly audit   bail: [ '2.0.2' ],
20 silly audit   'balanced-match': [ '1.0.2' ],
20 silly audit   'binary-extensions': [ '2.3.0' ],
20 silly audit   braces: [ '3.0.3' ],
20 silly audit   browserslist: [ '4.25.4' ],
20 silly audit   'call-bind': [ '1.0.8' ],
20 silly audit   'call-bind-apply-helpers': [ '1.0.2' ],
20 silly audit   'call-bound': [ '1.0.4' ],
20 silly audit   callsites: [ '3.1.0' ],
20 silly audit   'camelcase-css': [ '2.0.1' ],
20 silly audit   'caniuse-lite': [ '1.0.30001741' ],
20 silly audit   ccount: [ '2.0.1' ],
20 silly audit   chalk: [ '4.1.2' ],
20 silly audit   'character-entities': [ '2.0.2' ],
20 silly audit   'character-entities-html4': [ '2.1.0' ],
20 silly audit   'character-entities-legacy': [ '3.0.0' ],
20 silly audit   'character-reference-invalid': [ '2.0.1' ],
20 silly audit   chokidar: [ '3.6.0' ],
20 silly audit   'class-variance-authority': [ '0.7.1' ],
20 silly audit   claygl: [ '1.3.0' ],
20 silly audit   'client-only': [ '0.0.1' ],
20 silly audit   clsx: [ '2.1.1' ],
20 silly audit   color: [ '4.2.3' ],
20 silly audit   'color-convert': [ '2.0.1' ],
20 silly audit   'color-name': [ '1.1.4' ],
20 silly audit   'color-string': [ '1.9.1' ],
20 silly audit   'comma-separated-tokens': [ '2.0.3' ],
20 silly audit   commander: [ '4.1.1' ],
20 silly audit   'concat-map': [ '0.0.1' ],
20 silly audit   'cross-spawn': [ '7.0.6' ],
20 silly audit   cssesc: [ '3.0.0' ],
20 silly audit   csstype: [ '3.1.3' ],
20 silly audit   'd3-array': [ '3.2.4' ],
20 silly audit   'd3-color': [ '3.1.0' ],
20 silly audit   'd3-ease': [ '3.0.1' ],
20 silly audit   'd3-format': [ '3.1.0' ],
20 silly audit   'd3-interpolate': [ '3.0.1' ],
20 silly audit   'd3-path': [ '3.1.0' ],
20 silly audit   'd3-scale': [ '4.0.2' ],
20 silly audit   'd3-shape': [ '3.2.0' ],
20 silly audit   'd3-time': [ '3.1.0' ],
20 silly audit   'd3-time-format': [ '4.1.0' ],
20 silly audit   'd3-timer': [ '3.0.1' ],
20 silly audit   'damerau-levenshtein': [ '1.0.8' ],
20 silly audit   'data-view-buffer': [ '1.0.2' ],
20 silly audit   'data-view-byte-length': [ '1.0.2' ],
20 silly audit   'data-view-byte-offset': [ '1.0.1' ],
20 silly audit   'date-fns': [ '4.1.0' ],
20 silly audit   debug: [ '4.4.1', '3.2.7' ],
20 silly audit   'decimal.js-light': [ '2.5.1' ],
20 silly audit   'decode-named-character-reference': [ '1.2.0' ],
20 silly audit   'deep-is': [ '0.1.4' ],
20 silly audit   'define-data-property': [ '1.1.4' ],
20 silly audit   'define-properties': [ '1.2.1' ],
20 silly audit   dequal: [ '2.0.3' ],
20 silly audit   'detect-libc': [ '2.0.4' ],
20 silly audit   'detect-node-es': [ '1.1.0' ],
20 silly audit   devlop: [ '1.1.0' ],
20 silly audit   didyoumean: [ '1.2.2' ],
20 silly audit   dlv: [ '1.1.3' ],
20 silly audit   doctrine: [ '2.1.0' ],
20 silly audit   'dunder-proto': [ '1.0.1' ],
20 silly audit   eastasianwidth: [ '0.2.0' ],
20 silly audit   echarts: [ '5.4.3' ],
20 silly audit   'echarts-gl': [ '2.0.9' ],
20 silly audit   tslib: [ '2.3.0', '2.8.1' ],
20 silly audit   'electron-to-chromium': [ '1.5.215' ],
20 silly audit   'emoji-regex': [ '9.2.2', '8.0.0' ],
20 silly audit   'es-abstract': [ '1.24.0' ],
20 silly audit   'es-define-property': [ '1.0.1' ],
20 silly audit   'es-errors': [ '1.3.0' ],
20 silly audit   'es-iterator-helpers': [ '1.2.1' ],
20 silly audit   'es-object-atoms': [ '1.1.1' ],
20 silly audit   'es-set-tostringtag': [ '2.1.0' ],
20 silly audit   'es-shim-unscopables': [ '1.1.0' ],
20 silly audit   'es-to-primitive': [ '1.3.0' ],
20 silly audit   'es-toolkit': [ '1.39.10' ],
20 silly audit   escalade: [ '3.2.0' ],
20 silly audit   'escape-string-regexp': [ '4.0.0', '5.0.0' ],
20 silly audit   eslint: [ '9.35.0' ],
20 silly audit   'eslint-config-next': [ '15.5.2' ],
20 silly audit   'eslint-import-resolver-node': [ '0.3.9' ],
20 silly audit   'eslint-import-resolver-typescript': [ '3.10.1' ],
20 silly audit   'eslint-module-utils': [ '2.12.1' ],
20 silly audit   'eslint-plugin-import': [ '2.32.0' ],
20 silly audit   semver: [ '6.3.1', '7.7.2' ],
20 silly audit   'eslint-plugin-jsx-a11y': [ '6.10.2' ],
20 silly audit   'eslint-plugin-react': [ '7.37.5' ],
20 silly audit   'eslint-plugin-react-hooks': [ '5.2.0' ],
20 silly audit   resolve: [ '2.0.0-next.5', '1.22.10' ],
20 silly audit   'eslint-scope': [ '8.4.0' ],
20 silly audit   espree: [ '10.4.0' ],
20 silly audit   esquery: [ '1.6.0' ],
20 silly audit   esrecurse: [ '4.3.0' ],
20 silly audit   estraverse: [ '5.3.0' ],
20 silly audit   'estree-util-is-identifier-name': [ '3.0.0' ],
20 silly audit   esutils: [ '2.0.3' ],
20 silly audit   eventemitter3: [ '5.0.1' ],
20 silly audit   extend: [ '3.0.2' ],
20 silly audit   'fast-deep-equal': [ '3.1.3' ],
20 silly audit   'fast-json-stable-stringify': [ '2.1.0' ],
20 silly audit   'fast-levenshtein': [ '2.0.6' ],
20 silly audit   fastq: [ '1.19.1' ],
20 silly audit   'file-entry-cache': [ '8.0.0' ],
20 silly audit   'fill-range': [ '7.1.1' ],
20 silly audit   'find-up': [ '5.0.0' ],
20 silly audit   'flat-cache': [ '4.0.1' ],
20 silly audit   flatted: [ '3.3.3' ],
20 silly audit   'for-each': [ '0.3.5' ],
20 silly audit   'foreground-child': [ '3.3.1' ],
20 silly audit   'fraction.js': [ '4.3.7' ],
20 silly audit   'framer-motion': [ '12.23.15' ],
20 silly audit   fsevents: [ '2.3.3' ],
20 silly audit   'function-bind': [ '1.1.2' ],
20 silly audit   'function.prototype.name': [ '1.1.8' ],
20 silly audit   'functions-have-names': [ '1.2.3' ],
20 silly audit   'get-intrinsic': [ '1.3.0' ],
20 silly audit   'get-nonce': [ '1.0.1' ],
20 silly audit   'get-proto': [ '1.0.1' ],
20 silly audit   'get-symbol-description': [ '1.1.0' ],
20 silly audit   'get-tsconfig': [ '4.10.1' ],
20 silly audit   glob: [ '10.4.5' ],
20 silly audit   globals: [ '14.0.0' ],
20 silly audit   globalthis: [ '1.0.4' ],
20 silly audit   gopd: [ '1.2.0' ],
20 silly audit   graphemer: [ '1.4.0' ],
20 silly audit   'has-bigints': [ '1.1.0' ],
20 silly audit   'has-flag': [ '4.0.0' ],
20 silly audit   'has-property-descriptors': [ '1.0.2' ],
20 silly audit   'has-proto': [ '1.2.0' ],
20 silly audit   'has-symbols': [ '1.1.0' ],
20 silly audit   'has-tostringtag': [ '1.0.2' ],
20 silly audit   hasown: [ '2.0.2' ],
20 silly audit   'hast-util-to-jsx-runtime': [ '2.3.6' ],
20 silly audit   'hast-util-whitespace': [ '3.0.0' ],
20 silly audit   'html-url-attributes': [ '3.0.1' ],
20 silly audit   immer: [ '10.1.3' ],
20 silly audit   'import-fresh': [ '3.3.1' ],
20 silly audit   imurmurhash: [ '0.1.4' ],
20 silly audit   'inline-style-parser': [ '0.2.4' ],
20 silly audit   'internal-slot': [ '1.1.0' ],
20 silly audit   internmap: [ '2.0.3' ],
20 silly audit   'is-alphabetical': [ '2.0.1' ],
20 silly audit   'is-alphanumerical': [ '2.0.1' ],
20 silly audit   'is-array-buffer': [ '3.0.5' ],
20 silly audit   'is-arrayish': [ '0.3.2' ],
20 silly audit   'is-async-function': [ '2.1.1' ],
20 silly audit   'is-bigint': [ '1.1.0' ],
20 silly audit   'is-binary-path': [ '2.1.0' ],
20 silly audit   'is-boolean-object': [ '1.2.2' ],
20 silly audit   'is-bun-module': [ '2.0.0' ],
20 silly audit   'is-callable': [ '1.2.7' ],
20 silly audit   'is-core-module': [ '2.16.1' ],
20 silly audit   'is-data-view': [ '1.0.2' ],
20 silly audit   'is-date-object': [ '1.1.0' ],
20 silly audit   'is-decimal': [ '2.0.1' ],
20 silly audit   'is-extglob': [ '2.1.1' ],
20 silly audit   'is-finalizationregistry': [ '1.1.1' ],
20 silly audit   'is-fullwidth-code-point': [ '3.0.0' ],
20 silly audit   'is-generator-function': [ '1.1.0' ],
20 silly audit   'is-glob': [ '4.0.3' ],
20 silly audit   'is-hexadecimal': [ '2.0.1' ],
20 silly audit   'is-map': [ '2.0.3' ],
20 silly audit   'is-negative-zero': [ '2.0.3' ],
20 silly audit   'is-number': [ '7.0.0' ],
20 silly audit   'is-number-object': [ '1.1.1' ],
20 silly audit   'is-plain-obj': [ '4.1.0' ],
20 silly audit   'is-regex': [ '1.2.1' ],
20 silly audit   'is-set': [ '2.0.3' ],
20 silly audit   'is-shared-array-buffer': [ '1.0.4' ],
20 silly audit   'is-string': [ '1.1.1' ],
20 silly audit   'is-symbol': [ '1.1.1' ],
20 silly audit   'is-typed-array': [ '1.1.15' ],
20 silly audit   'is-weakmap': [ '2.0.2' ],
20 silly audit   'is-weakref': [ '1.1.1' ],
20 silly audit   'is-weakset': [ '2.0.4' ],
20 silly audit   isarray: [ '2.0.5' ],
20 silly audit   isexe: [ '2.0.0' ],
20 silly audit   'iterator.prototype': [ '1.1.5' ],
20 silly audit   jackspeak: [ '3.4.3' ],
20 silly audit   jiti: [ '2.5.1', '1.21.7' ],
20 silly audit   'js-tokens': [ '4.0.0' ],
20 silly audit   'js-yaml': [ '4.1.0' ],
20 silly audit   'json-buffer': [ '3.0.1' ],
20 silly audit   'json-schema-traverse': [ '0.4.1' ],
20 silly audit   'json-stable-stringify-without-jsonify': [ '1.0.1' ],
20 silly audit   json5: [ '1.0.2' ],
20 silly audit   'jsx-ast-utils': [ '3.3.5' ],
20 silly audit   keyv: [ '4.5.4' ],
20 silly audit   'language-subtag-registry': [ '0.3.23' ],
20 silly audit   'language-tags': [ '1.0.9' ],
20 silly audit   levn: [ '0.4.1' ],
20 silly audit   lilconfig: [ '2.1.0', '3.1.3' ],
20 silly audit   'lines-and-columns': [ '1.2.4' ],
20 silly audit   'locate-path': [ '6.0.0' ],
20 silly audit   'lodash.merge': [ '4.6.2' ],
20 silly audit   'longest-streak': [ '3.1.0' ],
20 silly audit   'loose-envify': [ '1.4.0' ],
20 silly audit   'lru-cache': [ '10.4.3' ],
20 silly audit   'lucide-react': [ '0.542.0' ],
20 silly audit   'markdown-table': [ '3.0.4' ],
20 silly audit   'math-intrinsics': [ '1.1.0' ],
20 silly audit   'mdast-util-find-and-replace': [ '3.0.2' ],
20 silly audit   'mdast-util-from-markdown': [ '2.0.2' ],
20 silly audit   'mdast-util-gfm': [ '3.1.0' ],
20 silly audit   'mdast-util-gfm-autolink-literal': [ '2.0.1' ],
20 silly audit   'mdast-util-gfm-footnote': [ '2.1.0' ],
20 silly audit   'mdast-util-gfm-strikethrough': [ '2.0.0' ],
20 silly audit   'mdast-util-gfm-table': [ '2.0.0' ],
20 silly audit   'mdast-util-gfm-task-list-item': [ '2.0.0' ],
20 silly audit   'mdast-util-mdx-expression': [ '2.0.1' ],
20 silly audit   'mdast-util-mdx-jsx': [ '3.2.0' ],
20 silly audit   'mdast-util-mdxjs-esm': [ '2.0.1' ],
20 silly audit   'mdast-util-phrasing': [ '4.1.0' ],
20 silly audit   'mdast-util-to-hast': [ '13.2.0' ],
20 silly audit   'mdast-util-to-markdown': [ '2.1.2' ],
20 silly audit   'mdast-util-to-string': [ '4.0.0' ],
20 silly audit   merge2: [ '1.4.1' ],
20 silly audit   micromark: [ '4.0.2' ],
20 silly audit   'micromark-core-commonmark': [ '2.0.3' ],
20 silly audit   'micromark-extension-gfm': [ '3.0.0' ],
20 silly audit   'micromark-extension-gfm-autolink-literal': [ '2.1.0' ],
20 silly audit   'micromark-extension-gfm-footnote': [ '2.1.0' ],
20 silly audit   'micromark-extension-gfm-strikethrough': [ '2.1.0' ],
20 silly audit   'micromark-extension-gfm-table': [ '2.1.1' ],
20 silly audit   'micromark-extension-gfm-tagfilter': [ '2.0.0' ],
20 silly audit   'micromark-extension-gfm-task-list-item': [ '2.1.0' ],
20 silly audit   'micromark-factory-destination': [ '2.0.1' ],
20 silly audit   'micromark-factory-label': [ '2.0.1' ],
20 silly audit   'micromark-factory-space': [ '2.0.1' ],
20 silly audit   'micromark-factory-title': [ '2.0.1' ],
20 silly audit   'micromark-factory-whitespace': [ '2.0.1' ],
20 silly audit   'micromark-util-character': [ '2.1.1' ],
20 silly audit   'micromark-util-chunked': [ '2.0.1' ],
20 silly audit   'micromark-util-classify-character': [ '2.0.1' ],
20 silly audit   'micromark-util-combine-extensions': [ '2.0.1' ],
20 silly audit   'micromark-util-decode-numeric-character-reference': [ '2.0.2' ],
20 silly audit   'micromark-util-decode-string': [ '2.0.1' ],
20 silly audit   'micromark-util-encode': [ '2.0.1' ],
20 silly audit   'micromark-util-html-tag-name': [ '2.0.1' ],
20 silly audit   'micromark-util-normalize-identifier': [ '2.0.1' ],
20 silly audit   'micromark-util-resolve-all': [ '2.0.1' ],
20 silly audit   'micromark-util-sanitize-uri': [ '2.0.1' ],
20 silly audit   'micromark-util-subtokenize': [ '2.1.0' ],
20 silly audit   'micromark-util-symbol': [ '2.0.1' ],
20 silly audit   'micromark-util-types': [ '2.0.2' ],
20 silly audit   micromatch: [ '4.0.8' ],
20 silly audit   minimist: [ '1.2.8' ],
20 silly audit   minipass: [ '7.1.2' ],
20 silly audit   'motion-dom': [ '12.23.12' ],
20 silly audit   'motion-utils': [ '12.23.6' ],
20 silly audit   ms: [ '2.1.3' ],
20 silly audit   mz: [ '2.7.0' ],
20 silly audit   nanoid: [ '3.3.11' ],
20 silly audit   'napi-postinstall': [ '0.3.3' ],
20 silly audit   'natural-compare': [ '1.4.0' ],
20 silly audit   next: [ '15.5.2' ],
20 silly audit   'next-themes': [ '0.4.6' ],
20 silly audit   postcss: [ '8.4.31', '8.4.0', '8.5.6' ],
20 silly audit   'node-releases': [ '2.0.20' ],
20 silly audit   'normalize-path': [ '3.0.0' ],
20 silly audit   'normalize-range': [ '0.1.2' ],
20 silly audit   'object-assign': [ '4.1.1' ],
20 silly audit   'object-hash': [ '3.0.0' ],
20 silly audit   'object-inspect': [ '1.13.4' ],
20 silly audit   'object-keys': [ '1.1.1' ],
20 silly audit   'object.assign': [ '4.1.7' ],
20 silly audit   'object.entries': [ '1.1.9' ],
20 silly audit   'object.fromentries': [ '2.0.8' ],
20 silly audit   'object.groupby': [ '1.0.3' ],
20 silly audit   'object.values': [ '1.2.1' ],
20 silly audit   optionator: [ '0.9.4' ],
20 silly audit   'own-keys': [ '1.0.1' ],
20 silly audit   'p-limit': [ '3.1.0' ],
20 silly audit   'p-locate': [ '5.0.0' ],
20 silly audit   'package-json-from-dist': [ '1.0.1' ],
20 silly audit   'parent-module': [ '1.0.1' ],
20 silly audit   'parse-entities': [ '4.0.2' ],
20 silly audit   'path-exists': [ '4.0.0' ],
20 silly audit   'path-key': [ '3.1.1' ],
20 silly audit   'path-parse': [ '1.0.7' ],
20 silly audit   'path-scurry': [ '1.11.1' ],
20 silly audit   pg: [ '8.16.3' ],
20 silly audit   'pg-cloudflare': [ '1.2.7' ],
20 silly audit   'pg-connection-string': [ '2.9.1' ],
20 silly audit   'pg-int8': [ '1.0.1' ],
20 silly audit   'pg-pool': [ '3.10.1' ],
20 silly audit   'pg-protocol': [ '1.10.3' ],
20 silly audit   'pg-types': [ '2.2.0' ],
20 silly audit   pgpass: [ '1.0.5' ],
20 silly audit   picocolors: [ '1.1.1' ],
20 silly audit   picomatch: [ '2.3.1', '4.0.3' ],
20 silly audit   pify: [ '2.3.0' ],
20 silly audit   pirates: [ '4.0.7' ],
20 silly audit   'possible-typed-array-names': [ '1.1.0' ],
20 silly audit   'postcss-import': [ '15.1.0' ],
20 silly audit   'postcss-nested': [ '6.2.0' ],
20 silly audit   'postcss-selector-parser': [ '6.1.2' ],
20 silly audit   'postcss-value-parser': [ '4.2.0' ],
20 silly audit   'postgres-array': [ '2.0.0' ],
20 silly audit   'postgres-bytea': [ '1.0.0' ],
20 silly audit   'postgres-date': [ '1.0.7' ],
20 silly audit   'postgres-interval': [ '1.2.0' ],
20 silly audit   'prelude-ls': [ '1.2.1' ],
20 silly audit   prettier: [ '3.6.2' ],
20 silly audit   'prop-types': [ '15.8.1' ],
20 silly audit   'property-information': [ '7.1.0' ],
20 silly audit   punycode: [ '2.3.1' ],
20 silly audit   'queue-microtask': [ '1.2.3' ],
20 silly audit   react: [ '19.1.0' ],
20 silly audit   'react-activity-calendar': [ '2.7.14' ],
20 silly audit   'react-dom': [ '19.1.0' ],
20 silly audit   'react-is': [ '16.13.1' ],
20 silly audit   'react-markdown': [ '10.1.0' ],
20 silly audit   'react-redux': [ '9.2.0' ],
20 silly audit   'react-remove-scroll': [ '2.7.1' ],
20 silly audit   'react-remove-scroll-bar': [ '2.3.8' ],
20 silly audit   'react-style-singleton': [ '2.2.3' ],
20 silly audit   'read-cache': [ '1.0.0' ],
20 silly audit   readdirp: [ '3.6.0' ],
20 silly audit   recharts: [ '3.2.0' ],
20 silly audit   redux: [ '5.0.1' ],
20 silly audit   'redux-thunk': [ '3.1.0' ],
20 silly audit   'reflect.getprototypeof': [ '1.0.10' ],
20 silly audit   'regexp.prototype.flags': [ '1.5.4' ],
20 silly audit   'remark-gfm': [ '4.0.1' ],
20 silly audit   'remark-parse': [ '11.0.0' ],
20 silly audit   'remark-rehype': [ '11.1.2' ],
20 silly audit   'remark-stringify': [ '11.0.0' ],
20 silly audit   reselect: [ '5.1.1' ],
20 silly audit   'resolve-from': [ '4.0.0' ],
20 silly audit   'resolve-pkg-maps': [ '1.0.0' ],
20 silly audit   reusify: [ '1.1.0' ],
20 silly audit   'run-parallel': [ '1.2.0' ],
20 silly audit   'safe-array-concat': [ '1.1.3' ],
20 silly audit   'safe-push-apply': [ '1.0.0' ],
20 silly audit   'safe-regex-test': [ '1.1.0' ],
20 silly audit   scheduler: [ '0.26.0' ],
20 silly audit   'set-function-length': [ '1.2.2' ],
20 silly audit   'set-function-name': [ '2.0.2' ],
20 silly audit   'set-proto': [ '1.0.0' ],
20 silly audit   sharp: [ '0.34.3' ],
20 silly audit   'shebang-command': [ '2.0.0' ],
20 silly audit   'shebang-regex': [ '3.0.0' ],
20 silly audit   'side-channel': [ '1.1.0' ],
20 silly audit   'side-channel-list': [ '1.0.0' ],
20 silly audit   'side-channel-map': [ '1.0.1' ],
20 silly audit   'side-channel-weakmap': [ '1.0.2' ],
20 silly audit   'signal-exit': [ '4.1.0' ],
20 silly audit   'simple-swizzle': [ '0.2.2' ],
20 silly audit   'source-map-js': [ '1.2.1' ],
20 silly audit   'space-separated-tokens': [ '2.0.2' ],
20 silly audit   split2: [ '4.2.0' ],
20 silly audit   'stable-hash': [ '0.0.5' ],
20 silly audit   'stop-iteration-iterator': [ '1.1.0' ],
20 silly audit   'string-width': [ '5.1.2', '4.2.3' ],
20 silly audit   'strip-ansi': [ '6.0.1', '7.1.2' ],
20 silly audit   'string.prototype.includes': [ '2.0.1' ],
20 silly audit   'string.prototype.matchall': [ '4.0.12' ],
20 silly audit   'string.prototype.repeat': [ '1.0.0' ],
20 silly audit   'string.prototype.trim': [ '1.2.10' ],
20 silly audit   'string.prototype.trimend': [ '1.0.9' ],
20 silly audit   'string.prototype.trimstart': [ '1.0.8' ],
20 silly audit   'stringify-entities': [ '4.0.4' ],
20 silly audit   'strip-bom': [ '3.0.0' ],
20 silly audit   'strip-json-comments': [ '3.1.1' ],
20 silly audit   'style-to-js': [ '1.1.18' ],
20 silly audit   'style-to-object': [ '1.0.11' ],
20 silly audit   'styled-jsx': [ '5.1.6' ],
20 silly audit   sucrase: [ '3.35.0' ],
20 silly audit   'supports-color': [ '7.2.0' ],
20 silly audit   'supports-preserve-symlinks-flag': [ '1.0.0' ],
20 silly audit   'tailwind-merge': [ '3.3.1' ],
20 silly audit   tailwindcss: [ '3.4.0' ],
20 silly audit   'postcss-js': [ '4.0.1' ],
20 silly audit   'postcss-load-config': [ '4.0.2' ],
20 silly audit   thenify: [ '3.3.1' ],
20 silly audit   'thenify-all': [ '1.6.0' ],
20 silly audit   'tiny-invariant': [ '1.3.3' ],
20 silly audit   tinyglobby: [ '0.2.15' ],
20 silly audit   fdir: [ '6.5.0' ],
20 silly audit   'to-regex-range': [ '5.0.1' ],
20 silly audit   'trim-lines': [ '3.0.1' ],
20 silly audit   trough: [ '2.2.0' ],
20 silly audit   'ts-api-utils': [ '2.1.0' ],
20 silly audit   'ts-interface-checker': [ '0.1.13' ],
20 silly audit   'tsconfig-paths': [ '3.15.0' ],
20 silly audit   'type-check': [ '0.4.0' ],
20 silly audit   'typed-array-buffer': [ '1.0.3' ],
20 silly audit   'typed-array-byte-length': [ '1.0.3' ],
20 silly audit   'typed-array-byte-offset': [ '1.0.4' ],
20 silly audit   'typed-array-length': [ '1.0.7' ],
20 silly audit   typescript: [ '5.9.2' ],
20 silly audit   'unbox-primitive': [ '1.1.0' ],
20 silly audit   'undici-types': [ '6.21.0' ],
20 silly audit   unified: [ '11.0.5' ],
20 silly audit   'unist-util-is': [ '6.0.1' ],
20 silly audit   'unist-util-position': [ '5.0.0' ],
20 silly audit   'unist-util-stringify-position': [ '4.0.0' ],
20 silly audit   'unist-util-visit': [ '5.0.0' ],
20 silly audit   'unist-util-visit-parents': [ '6.0.2' ],
20 silly audit   'unrs-resolver': [ '1.11.1' ],
20 silly audit   'update-browserslist-db': [ '1.1.3' ],
20 silly audit   'uri-js': [ '4.4.1' ],
20 silly audit   'use-callback-ref': [ '1.3.3' ],
20 silly audit   'use-sidecar': [ '1.1.3' ],
20 silly audit   'use-sync-external-store': [ '1.5.0' ],
20 silly audit   'util-deprecate': [ '1.0.2' ],
20 silly audit   vfile: [ '6.0.3' ],
20 silly audit   'vfile-message': [ '4.0.3' ],
20 silly audit   'victory-vendor': [ '37.3.6' ],
20 silly audit   which: [ '2.0.2' ],
20 silly audit   'which-boxed-primitive': [ '1.1.1' ],
20 silly audit   'which-builtin-type': [ '1.2.1' ],
20 silly audit   'which-collection': [ '1.0.2' ],
20 silly audit   'which-typed-array': [ '1.1.19' ],
20 silly audit   'word-wrap': [ '1.2.5' ],
20 silly audit   'wrap-ansi': [ '8.1.0', '7.0.0' ],
20 silly audit   xtend: [ '4.0.2' ],
20 silly audit   yaml: [ '2.8.1' ],
20 silly audit   'yocto-queue': [ '0.1.0' ],
20 silly audit   zrender: [ '5.4.4' ],
20 silly audit   zustand: [ '5.0.8' ],
20 silly audit   zwitch: [ '2.0.4' ],
20 silly audit   undici: [ '6.22.0' ]
20 silly audit }
21 http cache undici@https://registry.npmmirror.com/undici/-/undici-6.22.0.tgz 1ms (cache hit)
22 silly tarball no local data for undici@https://registry.npmmirror.com/undici/-/undici-6.22.0.tgz. Extracting by manifest.
23 http fetch POST 404 https://registry.npmmirror.com/-/npm/v1/security/advisories/bulk 80ms
24 verbose audit error HttpErrorGeneral: 404 Not Found - POST https://registry.npmmirror.com/-/npm/v1/security/advisories/bulk - [NOT_IMPLEMENTED] /-/npm/v1/security/* not implemented yet
24 verbose audit error     at C:\Program Files\nodejs\node_global\node_modules\npm\node_modules\npm-registry-fetch\lib\check-response.js:103:15
24 verbose audit error     at process.processTicksAndRejections (node:internal/process/task_queues:95:5)
24 verbose audit error     at async [getReport] (C:\Program Files\nodejs\node_global\node_modules\npm\node_modules\@npmcli\arborist\lib\audit-report.js:294:19)
24 verbose audit error     at async AuditReport.run (C:\Program Files\nodejs\node_global\node_modules\npm\node_modules\@npmcli\arborist\lib\audit-report.js:106:19) {
24 verbose audit error   headers: [Object: null prototype] {
24 verbose audit error     server: [ 'Tengine' ],
24 verbose audit error     date: [ 'Fri, 24 Oct 2025 10:54:39 GMT' ],
24 verbose audit error     'content-type': [ 'application/json' ],
24 verbose audit error     'transfer-encoding': [ 'chunked' ],
24 verbose audit error     connection: [ 'keep-alive' ],
24 verbose audit error     'strict-transport-security': [ 'max-age=5184000' ],
24 verbose audit error     via: [ 'kunlun9.cn5256[,404666]' ],
24 verbose audit error     'timing-allow-origin': [ '*' ],
24 verbose audit error     eagleid: [ '6f1f422717613032796714516e' ],
24 verbose audit error     'x-fetch-attempts': [ '1' ]
24 verbose audit error   },
24 verbose audit error   statusCode: 404,
24 verbose audit error   code: 'E404',
24 verbose audit error   method: 'POST',
24 verbose audit error   uri: 'https://registry.npmmirror.com/-/npm/v1/security/advisories/bulk',
24 verbose audit error   body: {
24 verbose audit error     error: '[NOT_IMPLEMENTED] /-/npm/v1/security/* not implemented yet'
24 verbose audit error   },
24 verbose audit error   pkgid: undefined
24 verbose audit error }
25 silly audit error [object Object]
26 silly audit report null
27 http fetch GET 200 https://cdn.npmmirror.com/packages/undici/6.22.0/undici-6.22.0.tgz 859ms (cache miss)
28 silly ADD node_modules/undici
29 verbose cwd D:\VSCodeProgramme\qianmian-china-travel-dashboard
30 verbose os Windows_NT 10.0.26100
31 verbose node v20.18.0
32 verbose npm  v11.4.2
33 verbose exit 0
34 info ok
